Carsten , born 19910103, age = 10
Marc    , born 19930907, age = 8
Chris   , born 19970923, age = 4
Petra   , married 04-04-1990, children = 3
