[NO_PID]: ECPGdebug: set to 1
[NO_PID]: sqlca: code: 0, state: 00000
[NO_PID]: ECPGconnect: opening database connectdb on <DEFAULT> port <DEFAULT> 
[NO_PID]: sqlca: code: 0, state: 00000
[NO_PID]: ECPGexecute line 23: QUERY: alter user connectuser  encrypted password 'connectpw' on connection main
[NO_PID]: sqlca: code: 0, state: 00000
[NO_PID]: ECPGexecute line 23 Ok: ALTER ROLE
[NO_PID]: sqlca: code: 0, state: 00000
[NO_PID]: ecpg_finish: Connection main closed.
[NO_PID]: sqlca: code: 0, state: 00000
[NO_PID]: ECPGconnect: opening database connectdb on <DEFAULT> port <DEFAULT> 
[NO_PID]: sqlca: code: 0, state: 00000
[NO_PID]: ecpg_finish: Connection main closed.
[NO_PID]: sqlca: code: 0, state: 00000
[NO_PID]: ECPGconnect: opening database connectdb on <DEFAULT> port <DEFAULT> 
[NO_PID]: sqlca: code: 0, state: 00000
[NO_PID]: ecpg_finish: Connection main closed.
[NO_PID]: sqlca: code: 0, state: 00000
[NO_PID]: ECPGconnect: opening database connectdb on <DEFAULT> port <DEFAULT> 
[NO_PID]: sqlca: code: 0, state: 00000
[NO_PID]: ecpg_finish: Connection main closed.
[NO_PID]: sqlca: code: 0, state: 00000
[NO_PID]: ECPGconnect: opening database connectdb on <DEFAULT> port <DEFAULT> 
[NO_PID]: sqlca: code: 0, state: 00000
[NO_PID]: ecpg_finish: Connection main closed.
[NO_PID]: sqlca: code: 0, state: 00000
[NO_PID]: ECPGconnect: opening database connectdb on <DEFAULT> port <DEFAULT> for user connectuser
[NO_PID]: sqlca: code: 0, state: 00000
[NO_PID]: ecpg_finish: Connection main closed.
[NO_PID]: sqlca: code: 0, state: 00000
[NO_PID]: ECPGconnect: opening database connectdb on <DEFAULT> port <DEFAULT> for user connectuser
[NO_PID]: sqlca: code: 0, state: 00000
[NO_PID]: ecpg_finish: Connection main closed.
[NO_PID]: sqlca: code: 0, state: 00000
[NO_PID]: ECPGconnect: opening database connectdb on <DEFAULT> port <DEFAULT> for user connectuser
[NO_PID]: sqlca: code: 0, state: 00000
[NO_PID]: ecpg_finish: Connection main closed.
[NO_PID]: sqlca: code: 0, state: 00000
[NO_PID]: ECPGconnect: opening database connectdb on <DEFAULT> port <DEFAULT> for user connectuser
[NO_PID]: sqlca: code: 0, state: 00000
[NO_PID]: ecpg_finish: Connection main closed.
[NO_PID]: sqlca: code: 0, state: 00000
[NO_PID]: connect: non-localhost access via sockets in line 52
[NO_PID]: sqlca: code: 0, state: 00000
[NO_PID]: raising sqlcode -402 in line 52, 'Could not connect to database connectdb in line 52.'.
[NO_PID]: sqlca: code: -402, state: 08001
[NO_PID]: raising sqlcode -220 in line 53, 'No such connection main in line 53.'.
[NO_PID]: sqlca: code: -220, state: 08003
[NO_PID]: raising sqlcode -220 in line 55, 'No such connection nonexistant in line 55.'.
[NO_PID]: sqlca: code: -220, state: 08003
[NO_PID]: ECPGconnect: opening database connectdb on <DEFAULT> port <DEFAULT> 
[NO_PID]: sqlca: code: 0, state: 00000
[NO_PID]: connect: connection identifier main is already in use
[NO_PID]: sqlca: code: 0, state: 00000
[NO_PID]: ecpg_finish: Connection main closed.
[NO_PID]: sqlca: code: 0, state: 00000
