[NO_PID]: ECPGdebug: set to 1
[NO_PID]: sqlca: code: 0, state: 00000
[NO_PID]: ECPGconnect: opening database regress1 on <DEFAULT> port <DEFAULT> 
[NO_PID]: sqlca: code: 0, state: 00000
[NO_PID]: ECPGexecute line 46: QUERY: create  table family ( name char  ( 8 )    , born integer   , age smallint   , married date   , children integer   )     on connection regress1
[NO_PID]: sqlca: code: 0, state: 00000
[NO_PID]: ECPGexecute line 46 Ok: CREATE TABLE
[NO_PID]: sqlca: code: 0, state: 00000
[NO_PID]: ECPGexecute line 49: QUERY: insert into family ( name  , married  , children  ) values ( 'Mum' , '19870714' , 3 )  on connection regress1
[NO_PID]: sqlca: code: 0, state: 00000
[NO_PID]: ECPGexecute line 49 Ok: INSERT 0 1
[NO_PID]: sqlca: code: 0, state: 00000
[NO_PID]: ECPGexecute line 50: QUERY: insert into family ( name  , born  , married  , children  ) values ( 'Dad' , '19610721' , '19870714' , 3 )  on connection regress1
[NO_PID]: sqlca: code: 0, state: 00000
[NO_PID]: ECPGexecute line 50 Ok: INSERT 0 1
[NO_PID]: sqlca: code: 0, state: 00000
[NO_PID]: ECPGexecute line 51: QUERY: insert into family ( name  , age  ) values ( 'Child 1' , 16 )  on connection regress1
[NO_PID]: sqlca: code: 0, state: 00000
[NO_PID]: ECPGexecute line 51 Ok: INSERT 0 1
[NO_PID]: sqlca: code: 0, state: 00000
[NO_PID]: ECPGexecute line 52: QUERY: insert into family ( name  , age  ) values ( 'Child 2' , 14 )  on connection regress1
[NO_PID]: sqlca: code: 0, state: 00000
[NO_PID]: ECPGexecute line 52 Ok: INSERT 0 1
[NO_PID]: sqlca: code: 0, state: 00000
[NO_PID]: ECPGexecute line 53: QUERY: insert into family ( name  , age  ) values ( 'Child 3' , 9 )  on connection regress1
[NO_PID]: sqlca: code: 0, state: 00000
[NO_PID]: ECPGexecute line 53 Ok: INSERT 0 1
[NO_PID]: sqlca: code: 0, state: 00000
[NO_PID]: ECPGtrans line 56 action = commit connection = regress1
[NO_PID]: sqlca: code: 0, state: 00000
[NO_PID]: ECPGexecute line 59: QUERY: declare cur  cursor  for select  name , born , age , married , children  from family    on connection regress1
[NO_PID]: sqlca: code: 0, state: 00000
[NO_PID]: ECPGexecute line 59 Ok: DECLARE CURSOR
[NO_PID]: sqlca: code: 0, state: 00000
[NO_PID]: ECPGexecute line 68: QUERY: fetch cur on connection regress1
[NO_PID]: sqlca: code: 0, state: 00000
[NO_PID]: ECPGexecute line 68: Correctly got 1 tuples with 5 fields
[NO_PID]: sqlca: code: 0, state: 00000
[NO_PID]: ECPGget_data line 68: RESULT: Mum      offset: -1 array: Yes
[NO_PID]: sqlca: code: 0, state: 00000
[NO_PID]: ECPGget_data line 68: RESULT:  offset: -1 array: Yes
[NO_PID]: sqlca: code: 0, state: 00000
[NO_PID]: ECPGget_data line 68: RESULT:  offset: -1 array: Yes
[NO_PID]: sqlca: code: 0, state: 00000
[NO_PID]: ECPGstore_result: line 68: allocating memory for 1 tuples
[NO_PID]: sqlca: code: 0, state: 00000
[NO_PID]: ECPGget_data line 68: RESULT: 07-14-1987 offset: -1 array: Yes
[NO_PID]: sqlca: code: 0, state: 00000
[NO_PID]: ECPGget_data line 68: RESULT: 3 offset: -1 array: Yes
[NO_PID]: sqlca: code: 0, state: 00000
[NO_PID]: ECPGexecute line 68: QUERY: fetch cur on connection regress1
[NO_PID]: sqlca: code: 0, state: 00000
[NO_PID]: ECPGexecute line 68: Correctly got 1 tuples with 5 fields
[NO_PID]: sqlca: code: 0, state: 00000
[NO_PID]: ECPGget_data line 68: RESULT: Dad      offset: -1 array: Yes
[NO_PID]: sqlca: code: 0, state: 00000
[NO_PID]: ECPGget_data line 68: RESULT: 19610721 offset: -1 array: Yes
[NO_PID]: sqlca: code: 0, state: 00000
[NO_PID]: ECPGget_data line 68: RESULT:  offset: -1 array: Yes
[NO_PID]: sqlca: code: 0, state: 00000
[NO_PID]: ECPGstore_result: line 68: allocating memory for 1 tuples
[NO_PID]: sqlca: code: 0, state: 00000
[NO_PID]: ECPGget_data line 68: RESULT: 07-14-1987 offset: -1 array: Yes
[NO_PID]: sqlca: code: 0, state: 00000
[NO_PID]: ECPGget_data line 68: RESULT: 3 offset: -1 array: Yes
[NO_PID]: sqlca: code: 0, state: 00000
[NO_PID]: ECPGexecute line 68: QUERY: fetch cur on connection regress1
[NO_PID]: sqlca: code: 0, state: 00000
[NO_PID]: ECPGexecute line 68: Correctly got 1 tuples with 5 fields
[NO_PID]: sqlca: code: 0, state: 00000
[NO_PID]: ECPGget_data line 68: RESULT: Child 1  offset: -1 array: Yes
[NO_PID]: sqlca: code: 0, state: 00000
[NO_PID]: ECPGget_data line 68: RESULT:  offset: -1 array: Yes
[NO_PID]: sqlca: code: 0, state: 00000
[NO_PID]: ECPGget_data line 68: RESULT: 16 offset: -1 array: Yes
[NO_PID]: sqlca: code: 0, state: 00000
[NO_PID]: ECPGstore_result: line 68: allocating memory for 1 tuples
[NO_PID]: sqlca: code: 0, state: 00000
[NO_PID]: ECPGget_data line 68: RESULT:  offset: -1 array: Yes
[NO_PID]: sqlca: code: 0, state: 00000
[NO_PID]: ECPGget_data line 68: RESULT:  offset: -1 array: Yes
[NO_PID]: sqlca: code: 0, state: 00000
[NO_PID]: ECPGexecute line 68: QUERY: fetch cur on connection regress1
[NO_PID]: sqlca: code: 0, state: 00000
[NO_PID]: ECPGexecute line 68: Correctly got 1 tuples with 5 fields
[NO_PID]: sqlca: code: 0, state: 00000
[NO_PID]: ECPGget_data line 68: RESULT: Child 2  offset: -1 array: Yes
[NO_PID]: sqlca: code: 0, state: 00000
[NO_PID]: ECPGget_data line 68: RESULT:  offset: -1 array: Yes
[NO_PID]: sqlca: code: 0, state: 00000
[NO_PID]: ECPGget_data line 68: RESULT: 14 offset: -1 array: Yes
[NO_PID]: sqlca: code: 0, state: 00000
[NO_PID]: ECPGstore_result: line 68: allocating memory for 1 tuples
[NO_PID]: sqlca: code: 0, state: 00000
[NO_PID]: ECPGget_data line 68: RESULT:  offset: -1 array: Yes
[NO_PID]: sqlca: code: 0, state: 00000
[NO_PID]: ECPGget_data line 68: RESULT:  offset: -1 array: Yes
[NO_PID]: sqlca: code: 0, state: 00000
[NO_PID]: ECPGexecute line 68: QUERY: fetch cur on connection regress1
[NO_PID]: sqlca: code: 0, state: 00000
[NO_PID]: ECPGexecute line 68: Correctly got 1 tuples with 5 fields
[NO_PID]: sqlca: code: 0, state: 00000
[NO_PID]: ECPGget_data line 68: RESULT: Child 3  offset: -1 array: Yes
[NO_PID]: sqlca: code: 0, state: 00000
[NO_PID]: ECPGget_data line 68: RESULT:  offset: -1 array: Yes
[NO_PID]: sqlca: code: 0, state: 00000
[NO_PID]: ECPGget_data line 68: RESULT: 9 offset: -1 array: Yes
[NO_PID]: sqlca: code: 0, state: 00000
[NO_PID]: ECPGstore_result: line 68: allocating memory for 1 tuples
[NO_PID]: sqlca: code: 0, state: 00000
[NO_PID]: ECPGget_data line 68: RESULT:  offset: -1 array: Yes
[NO_PID]: sqlca: code: 0, state: 00000
[NO_PID]: ECPGget_data line 68: RESULT:  offset: -1 array: Yes
[NO_PID]: sqlca: code: 0, state: 00000
[NO_PID]: ECPGexecute line 68: QUERY: fetch cur on connection regress1
[NO_PID]: sqlca: code: 0, state: 00000
[NO_PID]: ECPGexecute line 68: Correctly got 0 tuples with 5 fields
[NO_PID]: sqlca: code: 0, state: 00000
[NO_PID]: raising sqlcode 100 in line 68, 'No data found in line 68.'.
[NO_PID]: sqlca: code: 100, state: 02000
[NO_PID]: ECPGexecute line 85: QUERY: close cur on connection regress1
[NO_PID]: sqlca: code: 0, state: 00000
[NO_PID]: ECPGexecute line 85 Ok: CLOSE CURSOR
[NO_PID]: sqlca: code: 0, state: 00000
[NO_PID]: ECPGexecute line 88: QUERY: drop table family  on connection regress1
[NO_PID]: sqlca: code: 0, state: 00000
[NO_PID]: ECPGexecute line 88 Ok: DROP TABLE
[NO_PID]: sqlca: code: 0, state: 00000
[NO_PID]: ECPGtrans line 91 action = commit connection = regress1
[NO_PID]: sqlca: code: 0, state: 00000
[NO_PID]: ecpg_finish: Connection regress1 closed.
[NO_PID]: sqlca: code: 0, state: 00000
