--
-- init pgcrypto
--
\set ECHO none
-- check for encoding fn's
SELECT encode('foo', 'hex');
 encode 
--------
 666f6f
(1 row)

SELECT decode('666f6f', 'hex');
 decode 
--------
 foo
(1 row)

