drop table Íªß©Ñ¦¿ë¾î;
ERROR:  parser: parse error at or near "("
create table Íªß©Ñ¦¿ë¾î (¿ë¾î text, ÝÂ×¾ÄÚµå varchar, ºñ°í1A¶ó±¸ char(16));
ERROR:  parser: parse error at or near "("
create index Íªß©Ñ¦¿ë¾îindex1 on Íªß©Ñ¦¿ë¾î using btree (¿ë¾î);
ERROR:  parser: parse error at or near "("
create index Íªß©Ñ¦¿ë¾îindex2 on Íªß©Ñ¦¿ë¾î using hash (ÝÂ×¾ÄÚµå);
ERROR:  parser: parse error at or near "("
insert into Íªß©Ñ¦¿ë¾î values('ÄÄÇ»ÅÍµð½ºÇÃ·¹ÀÌ', 'Ñ¦A01ß¾');
ERROR:  parser: parse error at or near "("
insert into Íªß©Ñ¦¿ë¾î values('ÄÄÇ»ÅÍ±×·¡ÇÈ½º', 'ÝÂB10ñé');
ERROR:  parser: parse error at or near "("
insert into Íªß©Ñ¦¿ë¾î values('ÄÄÇ»ÅÍÇÁ·Î±×·¡¸Ó', 'ìÑZ01ù»');
ERROR:  parser: parse error at or near "("
vacuum Íªß©Ñ¦¿ë¾î;
ERROR:  parser: parse error at or near "("
select * from Íªß©Ñ¦¿ë¾î;
ERROR:  parser: parse error at or near "92"
select * from Íªß©Ñ¦¿ë¾î where ÝÂ×¾ÄÚµå = 'ìÑZ01ù»';
ERROR:  parser: parse error at or near "92"
select * from Íªß©Ñ¦¿ë¾î where ÝÂ×¾ÄÚµå ~* 'ìÑz01ù»';
ERROR:  parser: parse error at or near "92"
select * from Íªß©Ñ¦¿ë¾î where ÝÂ×¾ÄÚµå like '_Z01_';
ERROR:  parser: parse error at or near "92"
select * from Íªß©Ñ¦¿ë¾î where ÝÂ×¾ÄÚµå like '_Z%';
ERROR:  parser: parse error at or near "92"
select * from Íªß©Ñ¦¿ë¾î where ¿ë¾î ~ 'ÄÄÇ»ÅÍ[µð±×]';
ERROR:  parser: parse error at or near "92"
select * from Íªß©Ñ¦¿ë¾î where ¿ë¾î ~* 'ÄÄÇ»ÅÍ[µð±×]';
ERROR:  parser: parse error at or near "92"
select *,character_length(¿ë¾î) from Íªß©Ñ¦¿ë¾î;
ERROR:  parser: parse error at or near "bfeb"
select *,octet_length(¿ë¾î) from Íªß©Ñ¦¿ë¾î;
ERROR:  parser: parse error at or near "bfeb"
select *,position('µð' in ¿ë¾î) from Íªß©Ñ¦¿ë¾î;
ERROR:  parser: parse error at or near "bfeb"
select *,substring(¿ë¾î from 3 for 4) from Íªß©Ñ¦¿ë¾î;
ERROR:  parser: parse error at or near "bfeb"
