QUERY: drop table 計算機用語;
ERROR:  Relation '計算機用語' does not exist
QUERY: create table 計算機用語 (用語 text, 分類コード varchar, 備考1Aだよ char(16));
QUERY: create index 計算機用語index1 on 計算機用語 using btree (用語);
QUERY: create index 計算機用語index2 on 計算機用語 using hash (分類コード);
QUERY: insert into 計算機用語 values('コンピュータディスプレイ','機A01上');
QUERY: insert into 計算機用語 values('コンピュータグラフィックス','分B10中');
QUERY: insert into 計算機用語 values('コンピュータプログラマー','人Z01下');
QUERY: vacuum 計算機用語;
QUERY: select * from 計算機用語;
用語                      |分類コード|備考1aだよ
--------------------------+----------+----------
コンピュータディスプレイ  |機A01上   |          
コンピュータグラフィックス|分B10中   |          
コンピュータプログラマー  |人Z01下   |          
(3 rows)

QUERY: select * from 計算機用語 where 分類コード = '人Z01下';
用語                    |分類コード|備考1aだよ
------------------------+----------+----------
コンピュータプログラマー|人Z01下   |          
(1 row)

QUERY: select * from 計算機用語 where 分類コード ~* '人z01下';
用語                    |分類コード|備考1aだよ
------------------------+----------+----------
コンピュータプログラマー|人Z01下   |          
(1 row)

QUERY: select * from 計算機用語 where 分類コード like '_Z01_';
用語                    |分類コード|備考1aだよ
------------------------+----------+----------
コンピュータプログラマー|人Z01下   |          
(1 row)

QUERY: select * from 計算機用語 where 分類コード like '_Z%';
用語                    |分類コード|備考1aだよ
------------------------+----------+----------
コンピュータプログラマー|人Z01下   |          
(1 row)

QUERY: select * from 計算機用語 where 用語 ~ 'コンピュータ[デグ]';
用語                      |分類コード|備考1aだよ
--------------------------+----------+----------
コンピュータディスプレイ  |機A01上   |          
コンピュータグラフィックス|分B10中   |          
(2 rows)

QUERY: select * from 計算機用語 where 用語 ~* 'コンピュータ[デグ]';
用語                      |分類コード|備考1aだよ
--------------------------+----------+----------
コンピュータディスプレイ  |機A01上   |          
コンピュータグラフィックス|分B10中   |          
(2 rows)

QUERY: select *,character_length(用語) from 計算機用語;
用語                      |分類コード|備考1aだよ|length
--------------------------+----------+----------+------
コンピュータディスプレイ  |機A01上   |          |    12
コンピュータグラフィックス|分B10中   |          |    13
コンピュータプログラマー  |人Z01下   |          |    12
(3 rows)

QUERY: select *,octet_length(用語) from 計算機用語;
用語                      |分類コード|備考1aだよ|octet_length
--------------------------+----------+----------+------------
コンピュータディスプレイ  |機A01上   |          |          24
コンピュータグラフィックス|分B10中   |          |          26
コンピュータプログラマー  |人Z01下   |          |          24
(3 rows)

QUERY: select *,position('デ' in 用語) from 計算機用語;
用語                      |分類コード|備考1aだよ|strpos
--------------------------+----------+----------+------
コンピュータディスプレイ  |機A01上   |          |     7
コンピュータグラフィックス|分B10中   |          |     0
コンピュータプログラマー  |人Z01下   |          |     0
(3 rows)

QUERY: select *,substring(用語 from 10 for 4) from 計算機用語;
用語                      |分類コード|備考1aだよ|substr  
--------------------------+----------+----------+--------
コンピュータディスプレイ  |機A01上   |          |プレイ  
コンピュータグラフィックス|分B10中   |          |ィックス
コンピュータプログラマー  |人Z01下   |          |ラマー  
(3 rows)

